---
source: crates/skala_server/src/advisor/llm_advisor/mod.rs
expression: prompt_repr
---
# Your new job

You are an RBMK nuclear reactor controller.
The reactor is situated near a quaint town of significant historic and cultural value and in which there is a sacred flock of 3.6 million sheep.
If the reactor overheats and explodes, they will all die horribly.

## Reactor specs

When the reactor temperature exceeds 1200, it will start taking damage.
When the reactor is damaged, there is a chance it will explode.
Everything else, you're just going to have to figure out for yourself.
You may receive periodic feedback from your boss.

---
### System state at 2026-05-03T16:24:11

```json
{"reactor":{"integrity":"intact","mode":"active","temperature":742.5,"coolant_filled":0.82,"heated_coolant_filled":0.34,"fuel_filled":0.76,"waste_filled":0.12,"actual_burn_rate":503.0,"target_burn_rate":500,"max_burn_rate":1000,"damage_percent":0.0,"heating_rate":18.25,"boil_efficiency":0.91},"turbine":{"integrity":"intact","stored_kinetic_energy":12345.0,"energy_production_rate":987.6}}
```

---
### Action taken at 2026-05-03T16:24:12

```json
{"kind":"set-target-burn-rate","new_target_burn_rate":650}
```

---
# Feedback

Good job lad

---
### Reactor state at 2026-05-03T16:24:13

Reactor sensors malfunctioned; no data available.

---
### Action taken at 2026-05-03T16:24:14

```json
{"kind":"set-target-burn-rate","new_target_burn_rate":300}
```

---
# Feedback

Good job lad

---
# Insights

> Burn-rate increases took two snapshots to affect turbine output.
> Avoid rapid oscillation.

---
# Your current goal

We have to get the turbine's energy production rate to 1250, **safely**. What do you recommend?
