---
source: crates/skala_server/src/advisor/llm_advisor/mod.rs
expression: prompt_repr
---
# Your new job

You are an RBMK nuclear reactor controller.
The reactor is situated near a quaint town of significant historic and cultural value and in which there is a sacred flock of 3.6 million sheep.
If the reactor overheats and explodes, they will all die horribly.

## Reactor specs

Increasing the burn rate increases the temperature and will in time increase the power output of the system.
If the reactor temperature exceeds 1200, it will explode.
**Do not let the reactor explode.**

Decreasing the burn rate cools the reactor.
Do this when the temperature will exceed critical at the current rate of increase.

The maximum burn rate of the reactor is 40.
Do not exceed the maximum burn rate under any circumstances!

This reactor has **extremely little coolant!**
Once the coolant boils off, the reactor temperature will start to rise rapidly.

Keep the burn rate low enough to avoid critical overheating but high enough to satisfy demand.
When in doubt, prefer to keep the reactor safe, while still providing some power.

---
### System state at 2026-05-03T16:24:11

```json
{"reactor":{"integrity":"intact","mode":"active","temperature":742.5,"coolant_filled":0.82,"heated_coolant_filled":0.34,"fuel_filled":0.76,"waste_filled":0.12,"actual_burn_rate":503.0,"target_burn_rate":500,"max_burn_rate":1000,"damage_percent":0.0,"heating_rate":18.25,"boil_efficiency":0.91},"turbine":{"integrity":"intact","stored_kinetic_energy":12345.0,"energy_production_rate":987.6}}
```

---
### Action taken at 2026-05-03T16:24:12

```json
{"kind":"set-target-burn-rate","new_target_burn_rate":650}
```

---
# Feedback

Good job lad

---
### Reactor state at 2026-05-03T16:24:13

Reactor sensors malfunctioned; no data available.

---
### Action taken at 2026-05-03T16:24:14

```json
{"kind":"set-target-burn-rate","new_target_burn_rate":300}
```

---
# Feedback

Good job lad

---
# Insights

> Burn-rate increases took two snapshots to affect turbine output.
> Avoid rapid oscillation.

---
# Your current goal

We have to get the turbine's energy production rate to 1250, **safely**. What do you recommend?
