---
source: crates/skala_server/src/advisor/mod.rs
expression: schema_for!(Advice)
---
{
  "$schema": "https://json-schema.org/draft/2020-12/schema",
  "title": "Advice",
  "description": "Holds the advice to apply to the reactor.",
  "type": "object",
  "properties": {
    "action": {
      "description": "The best course of action.",
      "$ref": "#/$defs/AdvisedAction"
    },
    "reasoning": {
      "description": "A concise description of the reasoning behind the best course of action (at most 25 words).",
      "type": "string"
    }
  },
  "required": [
    "action",
    "reasoning"
  ],
  "$defs": {
    "AdvisedAction": {
      "description": "Holds the action to apply to the reactor.",
      "oneOf": [
        {
          "description": "Represents that the reactor's state is okay and hence that no action is required.",
          "type": "object",
          "properties": {
            "kind": {
              "type": "string",
              "const": "no-action"
            }
          },
          "required": [
            "kind"
          ]
        },
        {
          "description": "Represents that the burn rate needs to be changed to the given value.",
          "type": "object",
          "properties": {
            "kind": {
              "type": "string",
              "const": "set-burn-rate"
            },
            "new-target-burn-rate": {
              "description": "The value of the new target burn rate.",
              "type": "integer",
              "format": "int64"
            }
          },
          "required": [
            "kind",
            "new-target-burn-rate"
          ]
        }
      ]
    }
  }
}
